---
source: tests/snapshot_tabs.rs
expression: "common::render_model(&model)"
---
"┌ Flightdeck ──────────────────────────────────────────────────────────────────────────────────────────────────────────────────────────────────────────────────────────────────────────────────────────┐"
"│ Flightdeck   session demo-mixed  ·  Master pi at /repo/demo  ·  daemon: file-mode  ·  uptime 2h25m  ·  Adhoc 1 · Issue 1 · Workflow 1  ·  stale-warn 4m  moon ▾                                      │"
"└──────────────────────────────────────────────────────────────────────────────────────────────────────────────────────────────────────────────────────────────────────────────────────────────────────┘"
"┌ tabs ────────────────────────────────────────────────────────────────────────────────────────────────────────────────────────────────────────────────────────────────────────────────────────────────┐"
"│ Overview │ Live feed │ Conversations │ Conflicts & merges (issue mode) │ Decisions │ Daemon                                                                                                          │"
"└──────────────────────────────────────────────────────────────────────────────────────────────────────────────────────────────────────────────────────────────────────────────────────────────────────┘"
"┌ left rail ───────────────┐┌ sessions (3 tracked) ────────────────────────────────────────────────────────────────────────────────────────────────────────┐┌ detail ──────────────────────────────────┐"
"│Status               ┌ Help ───────────────────────────────────────────────────────────────────────────────────────────────────────────────────────────────────────────────[ ✕ ]┐eader                │"
"│▸ Needs input        │ Navigation, mouse support, and legend                                                                                                                    │ Needs input         │"
"│Submitting         1 │ Navigation                                                                                                                                               │mpt                  │"
"│Running            1 │ ↹ tabs   j/k or ↑/↓ move between rows   Home/End jump                                                                                                    │                     │"
"│                     │                                                                                                                                                          │                     │"
"│Merge queue          │ Selection                                                                                                                                                │                     │"
"│1. VST-101  Needs inp│ Enter opens the selected detail popup. Click a row to select; click selected row again for detail.                                                       │                     │"
"│2. VST-102  queued   │                                                                                                                                                          │01                   │"
"│                     │ View toggles                                                                                                                                             │es/vst-101           │"
"│Conflicts            │ / filter   Ctrl+N show noise   Alt+M compact   ? help   T theme                                                                                          │                     │"
"│• VST-101 ↔ VST-102  │                                                                                                                                                          │                     │"
"│                     │ Mouse                                                                                                                                                    │                     │"
"│                     │ Click tabs, rows, footer hints, the pause banner, daemon chip, or theme chip. Scroll inside tables to move selection.                                    │al=7 (1.4x bigger    │"
"│                     │                                                                                                                                                          │                     │"
"│                     │ Theme                                                                                                                                                    │                     │"
"│                     │ Open the theme picker with T or by clicking the theme chip in the header.                                                                                │                     │"
"│                     │                                                                                                                                                          │ — sibling worktree  │"
"│                     │ Legend                                                                                                                                                   │                     │"
"│                     │ Kind badges     AH = Adhoc · ISS = Issue · WF = Workflow                                                                                                 │r full text          │"
"│                     │ State counts    P = Needs input · S = Submitting · W = Running · R = Idle                                                                                │                     │"
"│                     │ MR = Ready to merge · M = Merged · C = Completed                                                                                                         │                     │"
"│                     │ D = Stopped · CA = Cancelled · AB = Aborted                                                                                                              │                     │"
"│                     │ Status chips    fresh / stale-warn / stale-dead = how recent the state is                                                                                │                     │"
"│                     │ file-mode = reading the state file directly; observer = different tmux pane than master                                                                  │                     │"
"│                     │ Spinners        Braille spinner next to a badge means transient work is being polled                                                                     │                     │"
"│                     │ PR / worktree   Pull Request number and local git worktree directory                                                                                     │                     │"
"│                     │                                                                                                                                                          │                     │"
"│                     │ Keyboard                                                                                                                                                 │                     │"
"│                     │ Tab             Next tab                                                                                                                                 │                     │"
"│                     │ Shift+Tab       Previous tab                                                                                                                             │                     │"
"│                     │ j / Down        Move selection down                                                                                                                      │                     │"
"│                     │ k / Up          Move selection up                                                                                                                        │                     │"
"│                     │ =               Page down                                                                                                                                │                     │"
"│                     │ -               Page up                                                                                                                                  │                     │"
"│                     │ Home            First row                                                                                                                                │                     │"
"│                     │ End             Last row                                                                                                                                 │                     │"
"│                     │ Enter           Open selected detail                                                                                                                     │                     │"
"│                     │ /               Open filter input                                                                                                                        │                     │"
"│                     │ r               Force snapshot reload                                                                                                                    │                     │"
"│                     │ Ctrl+N          Toggle heartbeat/noise folding                                                                                                           │                     │"
"│                     │ Alt+M           Toggle compact layout                                                                                                                    │                     │"
"│                     │ ?               Toggle help overlay                                                                                                                      │                     │"
"│                     │ T               Choose dashboard theme                                                                                                                   │                     │"
"│                     │ q / Ctrl+C      Quit                                                                                                                                     │                     │"
"│                     │                                                                        Esc/? close                                                                       │                     │"
"│                     └──────────────────────────────────────────────────────────────────────────────────────────────────────────────────────────────────────────────────────────┘                     │"
"│                          ││                                                                                                                              ││                                          │"
"│                          ││                                                                                                                              ││                                          │"
"│                          ││                                                                                                                              ││                                          │"
"│                          ││                                                                                                                              ││                                          │"
"└──────────────────────────┘└──────────────────────────────────────────────────────────────────────────────────────────────────────────────────────────────┘└──────────────────────────────────────────┘"
" ↹ tabs   j/k or ↑/↓ select   ⏎ detail   / filter   ⇧M compact   ? help   q quit                                                                                           noise: hidden  ·  filter: off"
"                                                                                                                                                                                                        "
